# The C/F face-value delta gated per FACE — the gates of docs/amr_cf_flux_gate.md §10
#
# 2026-09-22, branch `cfgate`, host-openmp Release (GNU 14.2.0, Kokkos 5.1.1), 48-core host.
# BASE  = `main` at 2426ef4 (the row gate).  AFTER = cfgate at ffd8834 (the per-FACE gate).
# Both arms were run from the SAME scripts, on the same host, with OMP_NUM_THREADS as noted.
#
# The one-sentence rule: the quadratic C/F face value applies on a 2:1 sub-face iff BOTH incident
# cells are regular fluid (fluid && !cut), and that one predicate drives the divergence RHS, the
# ABC cell-gradient substitution and the advecting face field through one emitter, so that
# D_std(Δuf) ≡ Δ_cfDiv holds identically.


## Gates I / I' / F — rule (I) and the face divergence (tests/test_amr_face_field.cpp)

Mesh: refineToSdf(band=0) on BO({8,8,8}, lmax=2) = 32^3 fine, sphere R = (0.125·3/4π)^(1/3)·32 at
the centre, cf=1, 25 steps at presIters=30. band=0 puts the finest level ONLY where the surface
cuts, so the 2:1 interface coincides with the cut band — the configuration the gate exists for.
`cfCutFaces` is Flow.diagnostics.num_cf_cut_faces (the C/F census, §6.5).

                                              row gate (BASE)   face gate (AFTER)
  band=0, aperture, cf=1
    cfCutFaces                                      672               672
    ‖D_std(Δuf) − Δ_cfDiv‖₂   (gate I)          2.0190e-01        9.8797e-17     (ref 5.5e-01)
    divNormFace               (gate F)          2.0182e-01        1.9129e-12
    divNormL2 (cell field)                      5.6084e-01        5.6140e-01
  band=0, sampled ghost closure, cf=1
    ‖D_std(Δuf) − Δ_cfDiv‖₂                     2.3476e-01        1.0597e-16     (ref 5.5e-01)
    divNormFace over REGULAR fluid rows          4.9184e-13        2.7695e-13
    divNormL2 over REGULAR fluid rows           5.5584e-01        5.5727e-01
  band=3 (finest band), aperture, cf=1
    cfCutFaces                (gate C')                0                 0
    ‖D_std(Δuf) − Δ_cfDiv‖₂   (gate I')         1.0114e-16        1.0114e-16     unchanged

The note predicted 2.018e-01 / 2.016e-01 for the aperture band=0 pair; reproduced at
2.0190e-01 / 2.0182e-01. It also predicted the ghost path's REGULAR rows would carry "the
2e-1-class mismatch" before the change; they did not — that norm was already 4.9e-13. The sharp
instrument on the ghost path is the identity, which did carry it (2.3476e-01).


## Gate C — the census is an exact decomposition invariant (tests/test_amr_distributed_seam_mpi)

Σ_ranks numCfCutFaces(), WORLD vs a single-rank SELF build of the same octree:

  np = 1   96   (SELF 96)
  np = 2   96   (SELF 96)
  np = 4   96   (SELF 96)
  np = 8   96   (SELF 96)

The note predicted this mesh (a two-level latitude map ON the cut band) contains the
configuration. It does. tests/test_amr_distributed_cf_mpi's mesh is a uniformly finest band and
reports 0 on every rank, as it must.


## Device == oracle on the band=0 mesh (tests/test_amr_flow_solver::test_cf_cut_band_parity)

  cfCutFaces dev 672, host 672
  Usup host 1.329548e+04, dev 1.329548e+04   (rel 1.34e-11)
  max|dev − host| 1.292e-11 against a 8.751e-01 magnitude


## Gate B / B' — the byte gate (python/state_hash.py, np=1 AND mpirun -np 2)

  WO1 (the shared emitter)          all 13 scenario keys IDENTICAL
  WO2 (the ghost-visible flag)      all 13 scenario keys IDENTICAL
  WO3 (the per-FACE gate)           amr.flow_sampled ONLY:
                                      d06ace2cef969226... -> 71188bd9394f1e44...
                                    the other 12 identical, including amr.flow_ghost and
                                    amr.distributed_flow.np{1,2} (both refine_to_sdf band=3)
  WO5 (docs)                        all 13 IDENTICAL against the WO4 recording

amr.flow_sampled is the only byte-gate scenario built with refine_to_sdf_graded (band=2.0), i.e.
the only one with cut cells at two levels.


## Gate O — orders (tests/study/convergence/graded_poiseuille_ladder.py, OMP_NUM_THREADS=4)

BIT-IDENTICAL, every row, both arms (the ladder's meshes keep cut cells uniformly finest):

    n  orientation         cf   leaves  coarse%      max err   ratio           L2   ratio
   32       normal   standard    11264   27.27%   3.7500e-01     nan   3.2476e-01     nan
   32       normal  quadratic    11264   27.27%   3.7500e-01     nan   3.2476e-01     nan
   32   tangential   standard    22016    6.98%   1.3778e+00     nan   6.0309e-01     nan
   32   tangential  quadratic    22016    6.98%   3.5986e-01     nan   2.4226e-01     nan
   64       normal   standard    90112   27.27%   9.3750e-02    4.00   8.1190e-02    4.00
   64       normal  quadratic    90112   27.27%   9.3750e-02    4.00   8.1190e-02    4.00
   64   tangential   standard   176128    6.98%   1.0394e+00    1.33   4.4737e-01    1.35
   64   tangential  quadratic   176128    6.98%   1.1840e-01    3.04   7.9752e-02    3.04

ratio 4.00 = order 2.00 (normal, cf=1); ratio 3.04 = order 1.60 (tangential, cf=1).


## Gate P — Z&H permeability against a uniform-fine reference

Recipe (the ROADMAP's "byte gate's own graded sphere": state_hash.py's sph, r=0.22 at the centre
of the unit box, cells=32^3, lmax=1, refine_to_sdf(band=3.0) — a FINEST-BAND mesh; mu=0.1,
f=1e-3, dt=60, advection off, 400 steps; reference = the same sphere on a uniform 32^3, lmax=0):

  uniform-fine reference          k = 1.0101549502e-01   (32768 leaves)
  graded band=3.0, cf=0           k = 9.8016614805e-02   rel err 2.968733e-02
  graded band=3.0, cf=1           k = 1.0147871218e-01   rel err 4.585605e-03

BIT-IDENTICAL, digit for digit, in both arms. NB these absolutes do not reproduce the
5.15e-02 -> 1.22e-02 pair quoted in ROADMAP §A6 and in the design note's gate P; that measurement's
exact recipe was never recorded, so this file pins one. What the gate asserts — that a finest-band
mesh does not move — holds.


## Gate S — stability on the 12 throat-graded meshes

tests/study/amr_two_sphere_gap.py's meshes (N=128, gaps 8 and 16 × n 1,2,3,4,6,8), cf=1, dt=60,
momentum MG on, marched to a 400-step horizon through amr_two_sphere_diverge_probe.probe().
OMP_NUM_THREADS=4. "finite" = never NaN and never |k| > 1e12.

   g    n        BASE k          AFTER k       outcome (both arms)
   8    1   6.069155e+02     6.069155e+02      finite
   8    2   6.079303e+02     6.070154e+02      finite
   8    3   6.086545e+02     6.072489e+02      finite
   8    4   6.066957e+02     6.069714e+02      finite
   8    6   6.059484e+02     6.056336e+02      finite
   8    8   6.085748e+02     6.088328e+02      finite
  16    1   8.056925e+02     8.056925e+02      finite
  16    2   8.056925e+02     8.056925e+02      finite
  16    3   8.718174e+02     8.718174e+02      finite
  16    4   8.251627e+02     8.281134e+02      finite
  16    6   8.040940e+02     8.046161e+02      finite
  16    8   8.031061e+02     8.031306e+02      finite

All 12 finite in both arms. The g=8 n=3 and n=4 meshes — the two that marched to k ~ 1e12 in the
2026-08-27 rowFluid configuration and motivated the row gate — survive.

tests/study/amr_two_sphere_diverge_probe.py (g=8, n=3 and 4 × cf × dt ∈ {60, 1e20} × momMG):
all 16 configurations survive the 400-step horizon in BOTH arms.

  n  cf      dt  momMG      BASE           AFTER
  3   1      60   True   6.0865e+02     6.0725e+02
  3   1      60  False   6.0865e+02     6.0725e+02
  3   1   1e+20   True   6.6284e+02     6.6097e+02
  3   1   1e+20  False   6.6284e+02     6.6097e+02
  3   0      60   True   6.0865e+02     6.0725e+02     <- see the caveat below
  3   0      60  False   6.0865e+02     6.0725e+02
  3   0   1e+20   True   6.6284e+02     6.6097e+02
  3   0   1e+20  False   6.6284e+02     6.6097e+02
  4   1      60   True   6.0670e+02     6.0697e+02
  4   1      60  False   6.0670e+02     6.0697e+02
  4   1   1e+20   True   6.6032e+02     6.6064e+02
  4   1   1e+20  False   6.6032e+02     6.6064e+02
  4   0      60   True   6.0670e+02     6.0697e+02
  4   0      60  False   6.0670e+02     6.0697e+02
  4   0   1e+20   True   6.6032e+02     6.6064e+02
  4   0   1e+20  False   6.6032e+02     6.6064e+02

CAVEAT — the probe's cf ARM IS DEAD and has been since the default flipped. It reads
`if cf: fl.set_cf_scheme(cf)`, so cf=0 does not select the standard scheme, it just leaves the
DEFAULT, which is quadratic since 2026-09-21. That is why the cf=0 and cf=1 rows are identical to
five digits and why the cf=0 rows moved with this change. Not repaired here: repairing it changes
what the gate measures, which is a decision, not a transcription. The cf bisection the probe's
docstring describes needs `fl.set_cf_scheme(cf)` unconditionally.


## Gate M — policy error (tests/study/amr_two_sphere_gap.py, N=128, cf=1, tol=1e-7)

d(ctl)% is the permeability error against the uniform-finest-band control on the same mesh family.
The control itself is BIT-IDENTICAL in both arms (it has no cut-adjacent C/F face), as is k on
every mesh whose census is zero.

   g    n    BASE d(ctl)%   AFTER d(ctl)%    Δ (pp)   cfCutFaces   leaves
   8  ctl         0.0000          0.0000      0.000            0   262480   (k 6.590793e+02 both)
   8    1        +0.2596         +0.2596      0.000            0     4096
   8    2        +0.4557         +0.2765     -0.179          384     5216
   8    3        +0.5712         +0.2878     -0.283         1024     9472
   8    4        +0.1959         +0.2456     +0.050         1328    14512
   8    6        +0.0401         -0.0300     -0.070         3328    43632
   8    8        +0.5549         +0.6080     +0.053         2616    76560
  16  ctl         0.0000          0.0000      0.000            0   200432   (k 9.313106e+02 both)
  16    1        +0.4842         +0.4842      0.000            0     4096
  16    2        +0.4842         +0.4842      0.000            0     4096
  16    3       +15.3671        +15.3671      0.000          256     5216   <- see NB below
  16    4        +3.7956         +4.2979     +0.502          576     6784
  16    6        +0.0602         +0.1523     +0.092          896    17536
  16    8        -0.0542         -0.0507      +0.004          928    30192

cfCutFaces = Flow.diagnostics.num_cf_cut_faces on the same mesh, same configuration (sampled
ghost band, cf=1), read after set_solid. It is the number of 2:1 sub-face SLOTS (two per
sub-face, one per incident cell) on which the per-FACE gate withholds the quadratic value.


### GATE M FAILED ITS OWN BAR, AND IS RECORDED HERE AS AN ACCEPTED EXCEPTION
### AWAITING THE USER'S RATIFICATION.  (2026-09-22, review of the earlier wording)

This section previously read "eleven of twelve within the bar". By the letter of the note's
gate M, the gate FAILED, on two counts, and saying so is the point of having a bar:

  1. The ±0.3 pp movement bar: g=16 n=4 moved +0.502 pp. That is one mesh outside, not
     "eleven within".
  2. The "≤ 1.5 % absolute" bar: g=16 n=3 (15.37 %) and g=16 n=4 (3.80 % BASE / 4.30 % AFTER)
     violate it in BOTH arms.

Why it is accepted anyway, and what would overturn that:

  (1) The ±0.3 pp bar is a bar on a DIFFERENCE, and the differences are not systematic. The
      g=8 block moves both ways — -0.283, -0.179, -0.070, +0.050, +0.053, 0.000 — i.e. a spread
      of 0.34 pp with no sign, which is the size of the ghost scheme's OWN policy bias (the M2a
      study's 0.2-0.3 %, the number the note's own calibration criterion is written against). A
      change that moved the policy error systematically would not alternate in sign across six
      meshes of one family. g=16 n=4's +0.502 pp is the largest single excursion and it is
      +0.5 pp on a mesh whose absolute error is 4 %: a 12 % relative change in a quantity that
      is already ten times the calibration target.
  (2) The "≤ 1.5 % absolute" bar is MIS-SPECIFIED for this configuration, not violated by this
      change. Its stated reference is "0.1-1.3 % (M2a)", which is the M2a table's policy error
      on the DILUTE Z&H sphere family — a geometry with no throat, where the gap floor is inert
      (amr_two_sphere_gap.py's own docstring says so: "the Phase-2 Z&H ladder could not
      calibrate it because a dilute sphere array has no throats"). The two-sphere throat case
      exists precisely because that family cannot calibrate n. g=16 n=3 at 15.4 % is the gap
      floor pinching a 16-cell throat down to 3 cells across; that is a RESULT of the policy
      sweep (the script's docstring: "the aggressive end can pinch the throat outright ... that
      is the failure the floor exists to prevent, so it is a RESULT, not a bug"), and it is
      IDENTICAL in both arms to four decimal places. Importing a dilute-array tolerance into a
      throat sweep was an error in writing the gate, and it is flagged here rather than quietly
      passed.
  (3) Nothing in either count is caused by the per-FACE gate in the direction the gate could
      cause it. Every mesh whose census is 0 is bit-identical between the arms (rows g=8 ctl/n=1
      and g=16 ctl/n=1/n=2 — Δ exactly 0.000), and the largest movers are not the largest
      censuses (g=8 n=6 has 3328 withheld slots and moves -0.070 pp; g=16 n=4 has 576 and moves
      +0.502 pp), so the movement is not monotone in the amount withheld either.

  NOT RATIFIED. Re-writing a gate's bar after seeing the measurement is exactly the move the
  decision register exists to prevent, so this stands as an OPEN item for the user: either
  (a) accept gate M as passed with the exception above recorded, or (b) re-specify gate M's
  bars against the throat configuration (a movement bar of ±0.6 pp would pass as measured; the
  absolute bar should be dropped or restated per-mesh) and re-run. Nothing downstream depends on
  the answer; the per-FACE gate's correctness rests on rule (I) and the byte gate, not on M.

### THE CENSUS ANSWERS THE NOTE'S OPEN QUESTION 5, AS A MEASUREMENT

Open question 5 (build option C, sub-face closures, later?) asks for the census paired with
gate M. It is the cfCutFaces column above, and it converts the earlier inference into a fact:

  * Every mesh with cfCutFaces = 0 has Δ = 0.000 pp EXACTLY (g=8 ctl/1; g=16 ctl/1/2). The
    claim "the meshes whose k did not move are the ones where the gate withholds nothing" is
    now measured, not inferred, and it holds in both directions on this family: no mesh with a
    zero census moved, and every mesh that moved has a non-zero census.
  * g=16 n=3 has cfCutFaces = 256 and Δ = 0.000 pp to four decimals. So a non-zero census does
    NOT imply a measurable move: 256 withheld slots out of 5216 leaves is below this
    observable's resolution.
  * The withheld set does not grow with mesh size in any simple way (g=8: 0, 384, 1024, 1328,
    3328, 2616 over 4k-77k leaves), because it is the intersection of a level boundary with the
    cut band — a CURVE, as §7 of the note argues, not a surface. The largest census, g=8 n=6 at
    3328 slots = 1664 sub-faces on 43632 leaves, is 3.8 % of the leaf count, and that mesh's
    policy error moved by -0.070 pp.
  * On the note's own criterion for option C (revisit only if the policy error moves by MORE
    than the ghost scheme's 0.2-0.3 % own bias), the g=8 block's -0.283...+0.053 pp and g=16's
    0.000...+0.502 pp straddle it. DEFER stands, with the g=16 n=4 excursion as the datum to
    re-check if option C is ever reconsidered.


================================================================================================
APPENDIX 2026-09-22 — the review's required changes (C1-C8). Branch `cfgate`, same host, same
build_q (host-openmp Release, GNU 14.2.0, Kokkos 5.1.1).
================================================================================================

## C5 — the diverge probe's cf arm, REPAIRED and re-measured

tests/study/amr_two_sphere_diverge_probe.py read `if cf: fl.set_cf_scheme(cf)`, so the cf=0 arm
never selected the standard scheme — it left the DEFAULT, quadratic since 2026-09-21. The call is
now unconditional. The 16 configurations are 16 distinct runs again; before the repair they were
8 runs printed twice, which is why the cf=0 and cf=1 rows of the Gate S table above agree to five
digits and why the cf=0 rows "moved with this change".

N=128, g=8, dt as shown, sampled ghost band, 400-step horizon, OMP_NUM_THREADS=4. cfgate at
40d2b79 (C1-C4 landed; all four are inert — the cf=1 column below reproduces the Gate S table's
AFTER column digit for digit).

   n  cf      dt  momMG   outcome                 | Gate S table above (cf arm dead)
   3   1      60   True   survived, k=6.0725e+02  | 6.0725e+02   (unchanged, was already cf=1)
   3   1      60  False   survived, k=6.0725e+02  | 6.0725e+02
   3   1   1e+20   True   survived, k=6.6097e+02  | 6.6097e+02
   3   1   1e+20  False   survived, k=6.6097e+02  | 6.6097e+02
   3   0      60   True   survived, k=6.0439e+02  | 6.0725e+02   <- was a cf=1 run mislabelled
   3   0      60  False   survived, k=6.0439e+02  | 6.0725e+02
   3   0   1e+20   True   survived, k=6.5721e+02  | 6.6097e+02
   3   0   1e+20  False   survived, k=6.5721e+02  | 6.6097e+02
   4   1      60   True   survived, k=6.0697e+02  | 6.0697e+02
   4   1      60  False   survived, k=6.0697e+02  | 6.0697e+02
   4   1   1e+20   True   survived, k=6.6064e+02  | 6.6064e+02
   4   1   1e+20  False   survived, k=6.6064e+02  | 6.6064e+02
   4   0      60   True   survived, k=5.9642e+02  | 6.0697e+02   <- was a cf=1 run mislabelled
   4   0      60  False   survived, k=5.9642e+02  | 6.0697e+02
   4   0   1e+20   True   survived, k=6.4657e+02  | 6.6064e+02
   4   0   1e+20  False   survived, k=6.4657e+02  | 6.6064e+02

THE STABILITY CONCLUSION SURVIVES, and is now actually measured. All 16 configurations — the two
historical divergers g=8 n=3 and n=4, at dt=60 and at dt=1e20, with the momentum MG on and off,
at BOTH C/F schemes — reach the 400-step horizon finite. The cf=0 and cf=1 arms now differ, by
0.5 % (n=3, dt=60: 6.0439e+02 vs 6.0725e+02) and 1.7 % (n=4, dt=60: 5.9642e+02 vs 6.0697e+02),
which is the size of the C/F scheme's effect on these meshes and was invisible before.

The BASE (row-gate) arm of the cf=0 rows was NOT re-measured and does not need to be: at
cf=0 every buildCf*Delta returns an empty CSR before any gate is consulted
(`if (scheme == CfScheme::standard) return d;`), so the standard scheme is bit-identical on
`main` and on this branch by construction. The per-FACE gate can only move a cf=1 result.

The momMG rows remain pairwise identical (momentum MG on vs off) in every configuration, as they
were before the repair — that half of the bisection was never broken.


## C6 — how the census column of the gate M table was measured

Build the same mesh amr_two_sphere_gap.build(128, g, n) makes, configure the Flow exactly as
permeability() does (density 1, mu 0.1, dt 60, body force 1e-3, advection off, sampled ghost
band, cf=1), call set_solid(make_sdf(128, g)) and read Flow.diagnostics.num_cf_cut_faces. No
solve is needed: the census is fixed by the geometry and the mesh, not by the state.

    g    n    leaves   num_cf_cut_faces          g    n    leaves   num_cf_cut_faces
    8  ctl    262480                  0         16  ctl    200432                  0
    8    1      4096                  0         16    1      4096                  0
    8    2      5216                384         16    2      4096                  0
    8    3      9472               1024         16    3      5216                256
    8    4     14512               1328         16    4      6784                576
    8    6     43632               3328         16    6     17536                896
    8    8     76560               2616         16    8     30192                928

One further repair made while running it: tests/study/amr_two_sphere_gap.py carried the SAME
`if cf: fl.set_cf_scheme(cf)` defect as the diverge probe. It is inert for every number recorded
in this file (gates M and S were all run at cf=1, where the guard is true), but a `--cf 0` sweep
of that script would silently have re-run the cf=1 sweep. Now unconditional.
